2025-11-29 23:55:10.132994 - Alerte simple : Hello Hanine, share this practice page and share your knowledge -> ✅ OK
2025-11-29 23:55:10.340393 - Alerte confirmation OK : Hello , Are you sure you want to confirm? -> ✅ OK
2025-11-29 23:55:10.498791 - Alerte confirmation Cancel : Hello , Are you sure you want to confirm? -> ✅ Cancel
